---
source: crates/yelc/tests/snapshot.rs
expression: "compile_to(COUNTER, \"dot\", \"counter-dot\")"
---
digraph yel_signal_graph {
  rankdir=LR;
  compound=true;
  node [fontname="Helvetica", fontsize=10];
  edge [fontname="Helvetica", fontsize=9];
  subgraph cluster_c0 {
    label="component Counter (export)";
    style=rounded;
    color="#888";
    "c0_sig_485" [shape=ellipse, style=filled, fillcolor="#eaf4ff", label="count\n: s32", class="yel-signal"];
    "c0_eff_0" [shape=box, style="filled,rounded", fillcolor="#fff5d6", label="effect 0\nupdate-b0-s485 #2", class="yel-effect"];
    "c0_sig_485" -> "c0_eff_0" [label="reads", color="#3366cc", class="yel-reads"];
    "c0_blk2_dom0" [shape=oval, style=filled, fillcolor="#e8f5e9", label="set text", class="yel-domsink"];
    "c0_eff_0" -> "c0_blk2_dom0" [label="updates", color="#2e7d32", class="yel-updates"];
  }
}
